// Jest Snapshot v1, https://goo.gl/fbAQLP

exports[`App.js renders check snapshot 1`] = `
<div
  id="container"
>
  <Header
    onSearch={[Function]}
  />
  <Filter
    checked={false}
    onFilter={[Function]}
  />
  <Pagination
    handleNext={[Function]}
    handlePrevious={[Function]}
    loading={true}
    page={1}
  />
  <Gallery
    photos={Array []}
  />
  <Loading
    loading={true}
  />
</div>
`;
